// Jest Snapshot v1, https://goo.gl/fbAQLP

exports[`Testing <AddCategory /> Should show the component correctly 1`] = `
<Fragment>
  <h3>
    Agregar Categoria
  </h3>
  <form
    onSubmit={[Function]}
  >
    <input
      onChange={[Function]}
      placeholder="Realiza una busqueda..."
      type="text"
      value=""
    />
  </form>
</Fragment>
`;
